Picked up JAVA_TOOL_OPTIONS: -Dstdout.encoding=UTF-8 -Dstderr.encoding=UTF-8
[0.017s][warning][cds] This file is not the one used while building the shared archive file: 'C:\Users\shubh\AppData\Roaming\Code\User\globalStorage\pleiades.java-extension-pack-jdk\java\latest\lib\modules', size has changed
WARNING: A terminally deprecated method in sun.misc.Unsafe has been called
WARNING: sun.misc.Unsafe::staticFieldBase has been called by com.google.inject.internal.aop.HiddenClassDefiner (file:/C:/Users/shubh/.m2/wrapper/dists/apache-maven-3.9.11/03d7e36a140982eea48e22c1dcac01d8862b2550b2939e09a0809bbc5182a5bc/lib/guice-5.1.0-classes.jar)
WARNING: Please consider reporting this to the maintainers of class com.google.inject.internal.aop.HiddenClassDefiner
WARNING: sun.misc.Unsafe::staticFieldBase will be removed in a future release
[INFO] Scanning for projects...
[INFO] 
[INFO] ----------------------< com.example:taskManager >-----------------------
[INFO] Building taskManager 0.0.1-SNAPSHOT
[INFO]   from pom.xml
[INFO] --------------------------------[ jar ]---------------------------------
[INFO] 
[INFO] --- clean:3.4.1:clean (default-clean) @ taskManager ---
[INFO] Deleting d:\PROJECT PRACTICE\taskManager\target
[INFO] 
[INFO] --- resources:3.3.1:resources (default-resources) @ taskManager ---
[INFO] Copying 1 resource from src\main\resources to target\classes
[INFO] Copying 3 resources from src\main\resources to target\classes
[INFO] 
[INFO] --- compiler:3.14.1:compile (default-compile) @ taskManager ---
[INFO] Recompiling the module because of changed source code.
[INFO] Compiling 43 source files with javac [debug parameters release 17] to target\classes
[INFO] /d:/PROJECT PRACTICE/taskManager/src/main/java/com/example/taskManager/utility/JwtService.java: Some input files use or override a deprecated API.
[INFO] /d:/PROJECT PRACTICE/taskManager/src/main/java/com/example/taskManager/utility/JwtService.java: Recompile with -Xlint:deprecation for details.
[INFO] 
[INFO] --- resources:3.3.1:resources (default-resources) @ taskManager ---
[INFO] Copying 1 resource from src\main\resources to target\classes
[INFO] Copying 3 resources from src\main\resources to target\classes
[INFO] 
[INFO] --- compiler:3.14.1:compile (default-compile) @ taskManager ---
[INFO] Nothing to compile - all classes are up to date.
[INFO] 
[INFO] --- resources:3.3.1:testResources (default-testResources) @ taskManager ---
[INFO] skip non existing resourceDirectory d:\PROJECT PRACTICE\taskManager\src\test\resources
[INFO] 
[INFO] --- compiler:3.14.1:testCompile (default-testCompile) @ taskManager ---
[INFO] Recompiling the module because of changed dependency.
[INFO] Compiling 4 source files with javac [debug parameters release 17] to target\test-classes
[INFO] 
[INFO] --- surefire:3.5.4:test (default-test) @ taskManager ---
[INFO] Tests are skipped.
[INFO] 
[INFO] --- jar:3.4.2:jar (default-jar) @ taskManager ---
[INFO] Building jar: d:\PROJECT PRACTICE\taskManager\target\taskManager-0.0.1-SNAPSHOT.jar
[INFO] 
[INFO] --- spring-boot:3.5.7:repackage (repackage) @ taskManager ---
[INFO] Replacing main artifact d:\PROJECT PRACTICE\taskManager\target\taskManager-0.0.1-SNAPSHOT.jar with repackaged archive, adding nested dependencies in BOOT-INF/.
[INFO] The original artifact has been renamed to d:\PROJECT PRACTICE\taskManager\target\taskManager-0.0.1-SNAPSHOT.jar.original
[INFO] 
[INFO] --- install:3.1.4:install (default-install) @ taskManager ---
[INFO] Installing d:\PROJECT PRACTICE\taskManager\pom.xml to C:\Users\shubh\.m2\repository\com\example\taskManager\0.0.1-SNAPSHOT\taskManager-0.0.1-SNAPSHOT.pom
[INFO] Installing d:\PROJECT PRACTICE\taskManager\target\taskManager-0.0.1-SNAPSHOT.jar to C:\Users\shubh\.m2\repository\com\example\taskManager\0.0.1-SNAPSHOT\taskManager-0.0.1-SNAPSHOT.jar
[INFO] ------------------------------------------------------------------------
[INFO] BUILD SUCCESS
[INFO] ------------------------------------------------------------------------
[INFO] Total time:  8.562 s
[INFO] Finished at: 2025-11-18T20:25:15+05:30
[INFO] ------------------------------------------------------------------------
